// Vitest Snapshot v1, https://vitest.dev/guide/snapshot.html

exports[`scoreCandidates — golden ranking (SW 8 m/s steady) > is snapshot-locked (changing weights requires updating this) 1`] = `
[
  {
    "id": "A",
    "total": 79,
  },
  {
    "id": "C",
    "total": 66,
  },
  {
    "id": "B",
    "total": 32,
  },
]
`;
