// Vitest Snapshot v1, https://vitest.dev/guide/snapshot.html

exports[`WR-025 forecast robustness (±30°) > demotes a fragile route below a robust one — and robustness is what causes it 1`] = `
[
  {
    "id": "robust",
    "total": 59,
  },
  {
    "id": "fragile",
    "total": 41,
  },
]
`;

exports[`scoreCandidates — golden ranking (SW 8 m/s steady) > is snapshot-locked (changing weights requires updating this) 1`] = `
[
  {
    "id": "A",
    "total": 75,
  },
  {
    "id": "C",
    "total": 72,
  },
  {
    "id": "B",
    "total": 25,
  },
]
`;
